<?xml version="1.0" encoding="UTF-8"?><mappingRoot xmlns="http://www.ibm.com/2008/ccl/Mapping" domainID="com.ibm.msl.mapping.xml" domainIDExtension="mb" mainMap="true" targetNamespace="default" version="8.0.5.0" xmlns:map="default">
    <input path="jar:file://!com/ibm/etools/mft/map/xsds/predefined/JsonDomainMsg.xsd" var="var"/>
    <input derivedFrom="MB:JSON_schema_in_swagger_document" path="/swagger.json" var="var1"/>
    <output path="jar:file://!com/ibm/etools/mft/map/xsds/predefined/JsonDomainMsg.xsd" var="var2"/>
    <output derivedFrom="MB:JSON_schema_in_swagger_document" path="/swagger.json" var="var3"/>
    <namespaces>
        <namespace kind="supplement" prefix="in" uri="http://www.ibm.com/iib/msl/json"/>
    </namespaces>
    <generation engine="xquery"/>
    <mappingDeclaration name="add_Mapping">
        <input derivedFrom="MB:JSON_operation_name:add" namespace="http://www.ibm.com/iib/msl/json" path="$var/mb:msg(JSON,assembly,JSON,Properties,LocalEnvironment)" var="ComIbmMessageAssembly_JSON">
            <cast derivedFrom="MB:JSON_operation_request" path="$ComIbmMessageAssembly_JSON/JSON/Data/type('anyType')" qualifier="{http://www.ibm.com/iib/msl/json}MessageArray" ref="var1"/>
        </input>
        <output namespace="http://www.ibm.com/iib/msl/json" path="$var2/mb:msg(JSON,assembly,JSON,Properties)" var="MessageAssembly">
            <cast derivedFrom="MB:JSON_operation_response" path="$MessageAssembly/JSON/Data/type('anyType')" qualifier="{http://www.ibm.com/iib/msl/json}MessageArray" ref="var3"/>
        </output>
        <move>
            <input path="$ComIbmMessageAssembly_JSON/Properties"/>
            <output path="$MessageAssembly/Properties"/>
        </move>
        <local>
            <input path="$ComIbmMessageAssembly_JSON/JSON/spath('Data',2)"/>
            <output path="$MessageAssembly/JSON/spath('Data',2)"/>
            <foreach>
                <input path="Messages/Item" var="Item"/>
                <output path="Messages/Item"/>
                <move>
                    <input path="$Item/." var="Item1"/>
                    <output path="."/>
                </move>
            </foreach>
            <assign value="Hello From MicroService 2">
                <output path="Messages/Item"/>
            </assign>
        </local>
    </mappingDeclaration>
</mappingRoot>